// Vitest Snapshot v1, https://vitest.dev/guide/snapshot.html

exports[`tags > line tags 1`] = `
"
Alamein (#8): FULL_TIME, SUBURBAN, SUBURBAN_FULL_TIME, SUBURBAN_GTFS_SUBFEED
Ballarat (#19): FULL_TIME, REGIONAL, REGIONAL_GTFS_SUBFEED
Belgrave (#9): FULL_TIME, SUBURBAN, SUBURBAN_FULL_TIME, SUBURBAN_GTFS_SUBFEED
Bendigo (#18): FULL_TIME, REGIONAL, REGIONAL_GTFS_SUBFEED
City Circle (#23): DISRUPTIONS_ONLY, PART_TIME, SUBURBAN, SUBURBAN_GTFS_SUBFEED
Craigieburn (#14): FULL_TIME, SUBURBAN, SUBURBAN_FULL_TIME, SUBURBAN_GTFS_SUBFEED
Cranbourne (#4): FULL_TIME, SUBURBAN, SUBURBAN_FULL_TIME, SUBURBAN_GTFS_SUBFEED
Flemington Racecourse (#16): PART_TIME, SPECIAL_EVENTS_ONLY, SUBURBAN, SUBURBAN_GTFS_SUBFEED
Frankston (#2): FULL_TIME, SUBURBAN, SUBURBAN_FULL_TIME, SUBURBAN_GTFS_SUBFEED
Geelong (#20): FULL_TIME, REGIONAL, REGIONAL_GTFS_SUBFEED
Gippsland (#6): FULL_TIME, REGIONAL, REGIONAL_GTFS_SUBFEED
Glen Waverley (#7): FULL_TIME, SUBURBAN, SUBURBAN_FULL_TIME, SUBURBAN_GTFS_SUBFEED
Hurstbridge (#11): FULL_TIME, SUBURBAN, SUBURBAN_FULL_TIME, SUBURBAN_GTFS_SUBFEED
Lilydale (#10): FULL_TIME, SUBURBAN, SUBURBAN_FULL_TIME, SUBURBAN_GTFS_SUBFEED
Mernda (#12): FULL_TIME, SUBURBAN, SUBURBAN_FULL_TIME, SUBURBAN_GTFS_SUBFEED
Pakenham (#5): FULL_TIME, SUBURBAN, SUBURBAN_FULL_TIME, SUBURBAN_GTFS_SUBFEED
Sandringham (#1): FULL_TIME, SUBURBAN, SUBURBAN_FULL_TIME, SUBURBAN_GTFS_SUBFEED
Seymour (#15): FULL_TIME, REGIONAL, REGIONAL_GTFS_SUBFEED
Stony Point (#3): FULL_TIME, SUBURBAN, SUBURBAN_FULL_TIME, SUBURBAN_GTFS_SUBFEED
Sunbury (#17): FULL_TIME, SUBURBAN, SUBURBAN_FULL_TIME, SUBURBAN_GTFS_SUBFEED
Upfield (#13): FULL_TIME, SUBURBAN, SUBURBAN_FULL_TIME, SUBURBAN_GTFS_SUBFEED
Werribee (#21): FULL_TIME, SUBURBAN, SUBURBAN_FULL_TIME, SUBURBAN_GTFS_SUBFEED
Williamstown (#22): FULL_TIME, SUBURBAN, SUBURBAN_FULL_TIME, SUBURBAN_GTFS_SUBFEED
"
`;

exports[`tags > stop tags 1`] = `
"
Aircraft (#1): SUBURBAN_GTFS_SUBFEED
Alamein (#2): SUBURBAN_GTFS_SUBFEED
Albion (#3): SUBURBAN_GTFS_SUBFEED
Albury (#4): REGIONAL_GTFS_SUBFEED
Alphington (#5): SUBURBAN_GTFS_SUBFEED
Altona (#6): SUBURBAN_GTFS_SUBFEED
Anstey (#7): SUBURBAN_GTFS_SUBFEED
Anzac (#318): METRO_TUNNEL, SUBURBAN_GTFS_SUBFEED
Ararat (#8): REGIONAL_GTFS_SUBFEED
Ardeer (#9): REGIONAL_GTFS_SUBFEED
Arden (#322): METRO_TUNNEL, SUBURBAN_GTFS_SUBFEED
Armadale (#10): SUBURBAN_GTFS_SUBFEED
Ascot Vale (#11): SUBURBAN_GTFS_SUBFEED
Ashburton (#12): SUBURBAN_GTFS_SUBFEED
Aspendale (#13): SUBURBAN_GTFS_SUBFEED
Auburn (#14): SUBURBAN_GTFS_SUBFEED
Avenel (#15): REGIONAL_GTFS_SUBFEED
Bacchus Marsh (#16): REGIONAL_GTFS_SUBFEED
Bairnsdale (#17): REGIONAL_GTFS_SUBFEED
Balaclava (#18): SUBURBAN_GTFS_SUBFEED
Ballan (#19): REGIONAL_GTFS_SUBFEED
Ballarat (#20): REGIONAL_GTFS_SUBFEED
Batman (#21): SUBURBAN_GTFS_SUBFEED
Baxter (#22): SUBURBAN_GTFS_SUBFEED
Bayswater (#23): SUBURBAN_GTFS_SUBFEED
Beaconsfield (#24): SUBURBAN_GTFS_SUBFEED
Beaufort (#25): REGIONAL_GTFS_SUBFEED
Belgrave (#26): SUBURBAN_GTFS_SUBFEED
Bell (#27): SUBURBAN_GTFS_SUBFEED
Benalla (#28): REGIONAL_GTFS_SUBFEED
Bendigo (#29): REGIONAL_GTFS_SUBFEED
Bentleigh (#30): SUBURBAN_GTFS_SUBFEED
Berwick (#31): REGIONAL_GTFS_SUBFEED, SUBURBAN_GTFS_SUBFEED
Birregurra (#32): REGIONAL_GTFS_SUBFEED
Bittern (#33): SUBURBAN_GTFS_SUBFEED
Blackburn (#34): SUBURBAN_GTFS_SUBFEED
Bonbeach (#35): SUBURBAN_GTFS_SUBFEED
Boronia (#36): SUBURBAN_GTFS_SUBFEED
Box Hill (#37): SUBURBAN_GTFS_SUBFEED
Brighton Beach (#38): SUBURBAN_GTFS_SUBFEED
Broadford (#39): REGIONAL_GTFS_SUBFEED
Broadmeadows (#40): REGIONAL_GTFS_SUBFEED, SUBURBAN_GTFS_SUBFEED
Brunswick (#41): SUBURBAN_GTFS_SUBFEED
Bunyip (#42): REGIONAL_GTFS_SUBFEED
Burnley (#43): SUBURBAN_GTFS_SUBFEED
Burwood (#44): SUBURBAN_GTFS_SUBFEED
Camberwell (#45): SUBURBAN_GTFS_SUBFEED
Camperdown (#46): REGIONAL_GTFS_SUBFEED
Canterbury (#47): SUBURBAN_GTFS_SUBFEED
Cardinia Road (#48): SUBURBAN_GTFS_SUBFEED
Carnegie (#49): SUBURBAN_GTFS_SUBFEED
Caroline Springs (#50): REGIONAL_GTFS_SUBFEED
Carrum (#51): SUBURBAN_GTFS_SUBFEED
Castlemaine (#52): REGIONAL_GTFS_SUBFEED
Caulfield (#53): REGIONAL_GTFS_SUBFEED, SUBURBAN_GTFS_SUBFEED
Chatham (#54): SUBURBAN_GTFS_SUBFEED
Chelsea (#55): SUBURBAN_GTFS_SUBFEED
Cheltenham (#56): SUBURBAN_GTFS_SUBFEED
Chiltern (#57): REGIONAL_GTFS_SUBFEED
Clarkefield (#58): REGIONAL_GTFS_SUBFEED
Clayton (#59): REGIONAL_GTFS_SUBFEED, SUBURBAN_GTFS_SUBFEED
Clifton Hill (#60): SUBURBAN_GTFS_SUBFEED
Clunes (#61): REGIONAL_GTFS_SUBFEED
Cobblebank (#62): REGIONAL_GTFS_SUBFEED
Coburg (#63): SUBURBAN_GTFS_SUBFEED
Colac (#64): REGIONAL_GTFS_SUBFEED
Collingwood (#65): SUBURBAN_GTFS_SUBFEED
Coolaroo (#66): SUBURBAN_GTFS_SUBFEED
Corio (#67): REGIONAL_GTFS_SUBFEED
Craigieburn (#68): REGIONAL_GTFS_SUBFEED, SUBURBAN_GTFS_SUBFEED
Cranbourne (#69): SUBURBAN_GTFS_SUBFEED
Creswick (#70): REGIONAL_GTFS_SUBFEED
Crib Point (#71): SUBURBAN_GTFS_SUBFEED
Croxton (#72): SUBURBAN_GTFS_SUBFEED
Croydon (#73): SUBURBAN_GTFS_SUBFEED
Dandenong (#74): REGIONAL_GTFS_SUBFEED, SUBURBAN_GTFS_SUBFEED
Darebin (#75): SUBURBAN_GTFS_SUBFEED
Darling (#76): SUBURBAN_GTFS_SUBFEED
Deer Park (#77): REGIONAL_GTFS_SUBFEED
Dennis (#78): SUBURBAN_GTFS_SUBFEED
Diamond Creek (#79): SUBURBAN_GTFS_SUBFEED
Diggers Rest (#80): SUBURBAN_GTFS_SUBFEED
Dingee (#81): REGIONAL_GTFS_SUBFEED
Donnybrook (#82): REGIONAL_GTFS_SUBFEED
Drouin (#83): REGIONAL_GTFS_SUBFEED
Eaglehawk (#84): REGIONAL_GTFS_SUBFEED
Eaglemont (#85): SUBURBAN_GTFS_SUBFEED
East Camberwell (#86): SUBURBAN_GTFS_SUBFEED
East Malvern (#87): SUBURBAN_GTFS_SUBFEED
East Pakenham (#317): REGIONAL_GTFS_SUBFEED, SUBURBAN_GTFS_SUBFEED
East Richmond (#88): SUBURBAN_GTFS_SUBFEED
Echuca (#89): REGIONAL_GTFS_SUBFEED
Edithvale (#90): SUBURBAN_GTFS_SUBFEED
Elmore (#91): REGIONAL_GTFS_SUBFEED
Elsternwick (#92): SUBURBAN_GTFS_SUBFEED
Eltham (#93): SUBURBAN_GTFS_SUBFEED
Epping (#94): SUBURBAN_GTFS_SUBFEED
Epsom (#95): REGIONAL_GTFS_SUBFEED
Essendon (#96): REGIONAL_GTFS_SUBFEED, SUBURBAN_GTFS_SUBFEED
Euroa (#97): REGIONAL_GTFS_SUBFEED
Fairfield (#98): SUBURBAN_GTFS_SUBFEED
Fawkner (#99): SUBURBAN_GTFS_SUBFEED
Ferntree Gully (#100): SUBURBAN_GTFS_SUBFEED
Flagstaff (#101): CITY_LOOP, CITY_LOOP_UNDERGROUND, SUBURBAN_GTFS_SUBFEED
Flemington Bridge (#102): SUBURBAN_GTFS_SUBFEED
Flemington Racecourse (#103): SPECIAL_EVENTS_ONLY, SUBURBAN_GTFS_SUBFEED
Flinders Street (#104): CITY_LOOP, REGIONAL_GTFS_SUBFEED, SUBURBAN_GTFS_SUBFEED
Footscray (#105): REGIONAL_GTFS_SUBFEED, SUBURBAN_GTFS_SUBFEED
Frankston (#106): SUBURBAN_GTFS_SUBFEED
Gardenvale (#107): SUBURBAN_GTFS_SUBFEED
Gardiner (#108): SUBURBAN_GTFS_SUBFEED
Garfield (#109): REGIONAL_GTFS_SUBFEED
Geelong (#110): REGIONAL_GTFS_SUBFEED
Ginifer (#111): SUBURBAN_GTFS_SUBFEED
Gisborne (#112): REGIONAL_GTFS_SUBFEED
Glen Huntly (#117): SUBURBAN_GTFS_SUBFEED
Glen Iris (#113): SUBURBAN_GTFS_SUBFEED
Glen Waverley (#114): SUBURBAN_GTFS_SUBFEED
Glenbervie (#115): SUBURBAN_GTFS_SUBFEED
Glenferrie (#116): SUBURBAN_GTFS_SUBFEED
Glenroy (#118): SUBURBAN_GTFS_SUBFEED
Goornong (#119): REGIONAL_GTFS_SUBFEED
Gowrie (#120): SUBURBAN_GTFS_SUBFEED
Greensborough (#121): SUBURBAN_GTFS_SUBFEED
Hallam (#122): SUBURBAN_GTFS_SUBFEED
Hampton (#123): SUBURBAN_GTFS_SUBFEED
Hartwell (#124): SUBURBAN_GTFS_SUBFEED
Hastings (#125): SUBURBAN_GTFS_SUBFEED
Hawksburn (#126): SUBURBAN_GTFS_SUBFEED
Hawkstowe (#127): SUBURBAN_GTFS_SUBFEED
Hawthorn (#128): SUBURBAN_GTFS_SUBFEED
Heathcote Junction (#129): REGIONAL_GTFS_SUBFEED
Heatherdale (#130): SUBURBAN_GTFS_SUBFEED
Heathmont (#131): SUBURBAN_GTFS_SUBFEED
Heidelberg (#132): SUBURBAN_GTFS_SUBFEED
Heyington (#133): SUBURBAN_GTFS_SUBFEED
Highett (#134): SUBURBAN_GTFS_SUBFEED
Holmesglen (#135): SUBURBAN_GTFS_SUBFEED
Hoppers Crossing (#136): SUBURBAN_GTFS_SUBFEED
Hughesdale (#137): SUBURBAN_GTFS_SUBFEED
Huntingdale (#138): SUBURBAN_GTFS_SUBFEED
Huntly (#314): REGIONAL_GTFS_SUBFEED
Hurstbridge (#139): SUBURBAN_GTFS_SUBFEED
Ivanhoe (#140): SUBURBAN_GTFS_SUBFEED
Jacana (#141): SUBURBAN_GTFS_SUBFEED
Jewell (#142): SUBURBAN_GTFS_SUBFEED
Jolimont (#143): SUBURBAN_GTFS_SUBFEED
Jordanville (#144): SUBURBAN_GTFS_SUBFEED
Kananook (#145): SUBURBAN_GTFS_SUBFEED
Kangaroo Flat (#146): REGIONAL_GTFS_SUBFEED
Keilor Plains (#147): SUBURBAN_GTFS_SUBFEED
Kensington (#148): SUBURBAN_GTFS_SUBFEED
Keon Park (#149): SUBURBAN_GTFS_SUBFEED
Kerang (#150): REGIONAL_GTFS_SUBFEED
Kilmore East (#151): REGIONAL_GTFS_SUBFEED
Kooyong (#152): SUBURBAN_GTFS_SUBFEED
Kyneton (#153): REGIONAL_GTFS_SUBFEED
Laburnum (#154): SUBURBAN_GTFS_SUBFEED
Lalor (#155): SUBURBAN_GTFS_SUBFEED
Lara (#156): REGIONAL_GTFS_SUBFEED
Laverton (#157): SUBURBAN_GTFS_SUBFEED
Leawarra (#158): SUBURBAN_GTFS_SUBFEED
Lilydale (#159): SUBURBAN_GTFS_SUBFEED
Little River (#160): REGIONAL_GTFS_SUBFEED
Longwarry (#161): REGIONAL_GTFS_SUBFEED
Lynbrook (#162): SUBURBAN_GTFS_SUBFEED
Macaulay (#163): SUBURBAN_GTFS_SUBFEED
Macedon (#164): REGIONAL_GTFS_SUBFEED
Macleod (#165): SUBURBAN_GTFS_SUBFEED
Malmsbury (#166): REGIONAL_GTFS_SUBFEED
Malvern (#167): SUBURBAN_GTFS_SUBFEED
Marshall (#168): REGIONAL_GTFS_SUBFEED
Maryborough (#169): REGIONAL_GTFS_SUBFEED
McKinnon (#170): SUBURBAN_GTFS_SUBFEED
Melbourne Central (#171): CITY_LOOP, CITY_LOOP_UNDERGROUND, SUBURBAN_GTFS_SUBFEED
Melton (#172): REGIONAL_GTFS_SUBFEED
Mentone (#173): SUBURBAN_GTFS_SUBFEED
Merinda Park (#174): SUBURBAN_GTFS_SUBFEED
Merlynston (#175): SUBURBAN_GTFS_SUBFEED
Mernda (#176): SUBURBAN_GTFS_SUBFEED
Merri (#177): SUBURBAN_GTFS_SUBFEED
Middle Brighton (#178): SUBURBAN_GTFS_SUBFEED
Middle Footscray (#179): SUBURBAN_GTFS_SUBFEED
Middle Gorge (#180): SUBURBAN_GTFS_SUBFEED
Mitcham (#181): SUBURBAN_GTFS_SUBFEED
Moe (#182): REGIONAL_GTFS_SUBFEED
Montmorency (#184): SUBURBAN_GTFS_SUBFEED
Moonee Ponds (#185): SUBURBAN_GTFS_SUBFEED
Moorabbin (#186): SUBURBAN_GTFS_SUBFEED
Mooroolbark (#187): SUBURBAN_GTFS_SUBFEED
Mooroopna (#188): REGIONAL_GTFS_SUBFEED
Mordialloc (#189): SUBURBAN_GTFS_SUBFEED
Moreland (#190): SUBURBAN_GTFS_SUBFEED
Morradoo (#191): SUBURBAN_GTFS_SUBFEED
Morwell (#192): REGIONAL_GTFS_SUBFEED
Mount Waverley (#193): SUBURBAN_GTFS_SUBFEED
Murchison East (#194): REGIONAL_GTFS_SUBFEED
Murrumbeena (#195): SUBURBAN_GTFS_SUBFEED
Nagambie (#196): REGIONAL_GTFS_SUBFEED
Nar Nar Goon (#197): REGIONAL_GTFS_SUBFEED
Narre Warren (#198): SUBURBAN_GTFS_SUBFEED
Newmarket (#199): SUBURBAN_GTFS_SUBFEED
Newport (#200): SUBURBAN_GTFS_SUBFEED
Noble Park (#201): SUBURBAN_GTFS_SUBFEED
North Brighton (#202): SUBURBAN_GTFS_SUBFEED
North Geelong (#203): REGIONAL_GTFS_SUBFEED
North Melbourne (#204): REGIONAL_GTFS_SUBFEED, SUBURBAN_GTFS_SUBFEED
North Richmond (#205): SUBURBAN_GTFS_SUBFEED
North Shore (#206): REGIONAL_GTFS_SUBFEED
North Williamstown (#207): SUBURBAN_GTFS_SUBFEED
Northcote (#208): SUBURBAN_GTFS_SUBFEED
Nunawading (#209): SUBURBAN_GTFS_SUBFEED
Oak Park (#210): SUBURBAN_GTFS_SUBFEED
Oakleigh (#211): SUBURBAN_GTFS_SUBFEED
Officer (#212): SUBURBAN_GTFS_SUBFEED
Ormond (#213): SUBURBAN_GTFS_SUBFEED
Pakenham (#214): REGIONAL_GTFS_SUBFEED, SUBURBAN_GTFS_SUBFEED
Parkdale (#215): SUBURBAN_GTFS_SUBFEED
Parkville (#321): METRO_TUNNEL, SUBURBAN_GTFS_SUBFEED
Parliament (#216): CITY_LOOP, CITY_LOOP_UNDERGROUND, SUBURBAN_GTFS_SUBFEED
Pascoe Vale (#217): SUBURBAN_GTFS_SUBFEED
Patterson (#218): SUBURBAN_GTFS_SUBFEED
Prahran (#219): SUBURBAN_GTFS_SUBFEED
Preston (#220): SUBURBAN_GTFS_SUBFEED
Pyramid (#221): REGIONAL_GTFS_SUBFEED
Raywood (#315): REGIONAL_GTFS_SUBFEED
Regent (#222): SUBURBAN_GTFS_SUBFEED
Reservoir (#223): SUBURBAN_GTFS_SUBFEED
Richmond (#224): REGIONAL_GTFS_SUBFEED, SUBURBAN_GTFS_SUBFEED
Riddells Creek (#225): REGIONAL_GTFS_SUBFEED
Ringwood (#226): SUBURBAN_GTFS_SUBFEED
Ringwood East (#227): SUBURBAN_GTFS_SUBFEED
Ripponlea (#228): SUBURBAN_GTFS_SUBFEED
Riversdale (#229): SUBURBAN_GTFS_SUBFEED
Rochester (#230): REGIONAL_GTFS_SUBFEED
Rockbank (#231): REGIONAL_GTFS_SUBFEED
Rosanna (#232): SUBURBAN_GTFS_SUBFEED
Rosedale (#233): REGIONAL_GTFS_SUBFEED
Roxburgh Park (#234): SUBURBAN_GTFS_SUBFEED
Royal Park (#235): SUBURBAN_GTFS_SUBFEED
Rushall (#236): SUBURBAN_GTFS_SUBFEED
Ruthven (#237): SUBURBAN_GTFS_SUBFEED
Sale (#238): REGIONAL_GTFS_SUBFEED
Sandown Park (#239): SUBURBAN_GTFS_SUBFEED
Sandringham (#240): SUBURBAN_GTFS_SUBFEED
Seaford (#241): SUBURBAN_GTFS_SUBFEED
Seaholme (#242): SUBURBAN_GTFS_SUBFEED
Seddon (#243): SUBURBAN_GTFS_SUBFEED
Seymour (#244): REGIONAL_GTFS_SUBFEED
Shepparton (#245): REGIONAL_GTFS_SUBFEED
Sherwood Park (#246): REGIONAL_GTFS_SUBFEED
Showgrounds (#247): SPECIAL_EVENTS_ONLY, SUBURBAN_GTFS_SUBFEED
Somerville (#248): SUBURBAN_GTFS_SUBFEED
South Geelong (#249): REGIONAL_GTFS_SUBFEED
South Kensington (#250): SUBURBAN_GTFS_SUBFEED
South Morang (#251): SUBURBAN_GTFS_SUBFEED
South Yarra (#252): SUBURBAN_GTFS_SUBFEED
Southern Cross (#253): CITY_LOOP, REGIONAL_GTFS_SUBFEED, SUBURBAN_GTFS_SUBFEED
Southland (#254): SUBURBAN_GTFS_SUBFEED
Spotswood (#255): SUBURBAN_GTFS_SUBFEED
Springhurst (#256): REGIONAL_GTFS_SUBFEED
Springvale (#257): SUBURBAN_GTFS_SUBFEED
St Albans (#258): SUBURBAN_GTFS_SUBFEED
State Library (#320): METRO_TUNNEL, SUBURBAN_GTFS_SUBFEED
Stony Point (#259): SUBURBAN_GTFS_SUBFEED
Stratford (#260): REGIONAL_GTFS_SUBFEED
Strathmore (#261): SUBURBAN_GTFS_SUBFEED
Sunbury (#262): REGIONAL_GTFS_SUBFEED, SUBURBAN_GTFS_SUBFEED
Sunshine (#263): REGIONAL_GTFS_SUBFEED, SUBURBAN_GTFS_SUBFEED
Swan Hill (#265): REGIONAL_GTFS_SUBFEED
Syndal (#266): SUBURBAN_GTFS_SUBFEED
Talbot (#267): REGIONAL_GTFS_SUBFEED
Tallarook (#268): REGIONAL_GTFS_SUBFEED
Tarneit (#269): REGIONAL_GTFS_SUBFEED
Tecoma (#270): SUBURBAN_GTFS_SUBFEED
Terang (#271): REGIONAL_GTFS_SUBFEED
Thomastown (#272): SUBURBAN_GTFS_SUBFEED
Thornbury (#273): SUBURBAN_GTFS_SUBFEED
Toorak (#274): SUBURBAN_GTFS_SUBFEED
Tooronga (#275): SUBURBAN_GTFS_SUBFEED
Tottenham (#276): SUBURBAN_GTFS_SUBFEED
Town Hall (#319): METRO_TUNNEL, SUBURBAN_GTFS_SUBFEED
Trafalgar (#277): REGIONAL_GTFS_SUBFEED
Traralgon (#278): REGIONAL_GTFS_SUBFEED
Tyabb (#279): SUBURBAN_GTFS_SUBFEED
Tynong (#280): REGIONAL_GTFS_SUBFEED
Union (#316): SUBURBAN_GTFS_SUBFEED
Upfield (#281): SUBURBAN_GTFS_SUBFEED
Upper Ferntree Gully (#282): SUBURBAN_GTFS_SUBFEED
Upwey (#283): SUBURBAN_GTFS_SUBFEED
Victoria Park (#284): SUBURBAN_GTFS_SUBFEED
Violet Town (#285): REGIONAL_GTFS_SUBFEED
Wallan (#286): REGIONAL_GTFS_SUBFEED
Wandong (#287): REGIONAL_GTFS_SUBFEED
Wangaratta (#288): REGIONAL_GTFS_SUBFEED
Warragul (#289): REGIONAL_GTFS_SUBFEED
Warrnambool (#290): REGIONAL_GTFS_SUBFEED
Watergardens (#291): REGIONAL_GTFS_SUBFEED, SUBURBAN_GTFS_SUBFEED
Watsonia (#292): SUBURBAN_GTFS_SUBFEED
Wattle Glen (#293): SUBURBAN_GTFS_SUBFEED
Waurn Ponds (#294): REGIONAL_GTFS_SUBFEED
Wendouree (#295): REGIONAL_GTFS_SUBFEED
Werribee (#296): SUBURBAN_GTFS_SUBFEED
West Footscray (#297): SUBURBAN_GTFS_SUBFEED
West Richmond (#298): SUBURBAN_GTFS_SUBFEED
Westall (#299): SUBURBAN_GTFS_SUBFEED
Westgarth (#300): SUBURBAN_GTFS_SUBFEED
Westona (#301): SUBURBAN_GTFS_SUBFEED
Williams Landing (#302): SUBURBAN_GTFS_SUBFEED
Williamstown (#303): SUBURBAN_GTFS_SUBFEED
Williamstown Beach (#304): SUBURBAN_GTFS_SUBFEED
Willison (#305): SUBURBAN_GTFS_SUBFEED
Winchelsea (#306): REGIONAL_GTFS_SUBFEED
Windsor (#307): SUBURBAN_GTFS_SUBFEED
Wodonga (#308): REGIONAL_GTFS_SUBFEED
Woodend (#309): REGIONAL_GTFS_SUBFEED
Wyndham Vale (#310): REGIONAL_GTFS_SUBFEED
Yarragon (#311): REGIONAL_GTFS_SUBFEED
Yarraman (#312): SUBURBAN_GTFS_SUBFEED
Yarraville (#313): SUBURBAN_GTFS_SUBFEED
"
`;
